******************************************************************************
                  TI ARM Linker PC v18.1.1                     
******************************************************************************
>> Linked Sat Jun 16 00:17:42 2018

OUTPUT FILE NAME:   <SCANER.out>
ENTRY POINT SYMBOL: "_c_int00_noargs"  address: 00001e69


MEMORY CONFIGURATION

         name            origin    length      used     unused   attr    fill
----------------------  --------  ---------  --------  --------  ----  --------
  FLASH                 00000000   00040000  00001f8c  0003e074  R  X
  SRAM                  20000000   00008000  00000204  00007dfc  RW X


SEGMENT ALLOCATION MAP

run origin  load origin   length   init length attrs members
----------  ----------- ---------- ----------- ----- -------
00000000    00000000    00001f90   00001f90    r-x
  00000000    00000000    0000026c   0000026c    r-- .intvecs
  0000026c    0000026c    00001cd8   00001cd8    r-x .text
  00001f48    00001f48    00000030   00000030    r-- .const
  00001f78    00001f78    00000018   00000018    r-- .cinit
20000000    20000000    00000204   00000000    rw-
  20000000    20000000    00000200   00000000    rw- .stack
  20000200    20000200    00000004   00000000    rw- .data


SECTION ALLOCATION MAP

 output                                  attributes/
section   page    origin      length       input sections
--------  ----  ----------  ----------   ----------------
.intvecs   0    00000000    0000026c     
                  00000000    0000026c     tm4c123gh6pm_startup_ccs.obj (.intvecs)

.text      0    0000026c    00001cd8     
                  0000026c    000009c0     rtsv7M4_T_le_v4SPD16_eabi.lib : e_pow.c.obj (.text:pow)
                  00000c2c    000007c0     config_modules.obj (.text)
                  000013ec    000001b6     rtsv7M4_T_le_v4SPD16_eabi.lib : fd_add_t2.asm.obj (.text)
                  000015a2    00000002     --HOLE-- [fill = 0]
                  000015a4    00000158                                   : e_sqrt.c.obj (.text:sqrt)
                  000016fc    00000136                                   : fd_div_t2.asm.obj (.text)
                  00001832    00000002     --HOLE-- [fill = 0]
                  00001834    00000110                                   : s_scalbn.c.obj (.text:scalbn)
                  00001944    000000fc                                   : fd_mul_t2.asm.obj (.text)
                  00001a40    000000ec     main.obj (.text)
                  00001b2c    0000009c     rtsv7M4_T_le_v4SPD16_eabi.lib : memcpy_t2.asm.obj (.text)
                  00001bc8    00000086                                   : fd_cmp_t2.asm.obj (.text:__aeabi_cdcmple)
                  00001c4e    00000086                                   : fd_cmp_t2.asm.obj (.text:__aeabi_cdrcmple)
                  00001cd4    0000007a                                   : memset_t2.asm.obj (.text)
                  00001d4e    0000006e                                   : fd_tos_t2.asm.obj (.text)
                  00001dbc    00000068                                   : copy_decompress_lzss.c.obj (.text:decompress:lzss:__TI_decompress_lzss)
                  00001e24    00000044                                   : autoinit.c.obj (.text:__TI_auto_init_nobinit_nopinit:__TI_auto_init_nobinit_nopinit)
                  00001e68    00000038                                   : boot_cortex_m.c.obj (.text:_c_int00_noargs:_c_int00_noargs)
                  00001ea0    00000038                                   : fs_tod_t2.asm.obj (.text)
                  00001ed8    0000002e                                   : i_tofd_t2.asm.obj (.text)
                  00001f06    00000014                                   : s_copysign.c.obj (.text:copysign)
                  00001f1a    0000000e                                   : copy_decompress_none.c.obj (.text:decompress:none:__TI_decompress_none)
                  00001f28    0000000c     tm4c123gh6pm_startup_ccs.obj (.text)
                  00001f34    00000008     rtsv7M4_T_le_v4SPD16_eabi.lib : errno.c.obj (.text:__aeabi_errno_addr)
                  00001f3c    00000004                                   : pre_init.c.obj (.text:_system_pre_init)
                  00001f40    00000004                                   : exit.c.obj (.text:abort:abort)

.const     0    00001f48    00000030     
                  00001f48    00000030     rtsv7M4_T_le_v4SPD16_eabi.lib : e_pow.c.obj (.const:$O1$$)

.cinit     0    00001f78    00000018     
                  00001f78    00000008     (__TI_handler_table)
                  00001f80    00000007     (.cinit..data.load) [load image, compression = lzss]
                  00001f87    00000001     --HOLE-- [fill = 0]
                  00001f88    00000008     (__TI_cinit_table)

.init_array 
*          0    00000000    00000000     UNINITIALIZED

.data      0    20000200    00000004     UNINITIALIZED
                  20000200    00000004     rtsv7M4_T_le_v4SPD16_eabi.lib : errno.c.obj (.data)

.stack     0    20000000    00000200     UNINITIALIZED
                  20000000    00000004     rtsv7M4_T_le_v4SPD16_eabi.lib : boot_cortex_m.c.obj (.stack)
                  20000004    000001fc     --HOLE--

MODULE SUMMARY

       Module                         code   ro data   rw data
       ------                         ----   -------   -------
    .\
       config_modules.obj             1984   0         0      
       tm4c123gh6pm_startup_ccs.obj   12     620       0      
       main.obj                       236    0         0      
    +--+------------------------------+------+---------+---------+
       Total:                         2232   620       0      
                                                              
    C:\ti\ccsv8\tools\compiler\ti-cgt-arm_18.1.1.LTS\lib\rtsv7M4_T_le_v4SPD16_eabi.lib
       e_pow.c.obj                    2496   48        0      
       fd_add_t2.asm.obj              438    0         0      
       e_sqrt.c.obj                   344    0         0      
       fd_div_t2.asm.obj              310    0         0      
       s_scalbn.c.obj                 272    0         0      
       fd_cmp_t2.asm.obj              268    0         0      
       fd_mul_t2.asm.obj              252    0         0      
       memcpy_t2.asm.obj              156    0         0      
       memset_t2.asm.obj              122    0         0      
       fd_tos_t2.asm.obj              110    0         0      
       copy_decompress_lzss.c.obj     104    0         0      
       autoinit.c.obj                 68     0         0      
       boot_cortex_m.c.obj            56     0         0      
       fs_tod_t2.asm.obj              56     0         0      
       i_tofd_t2.asm.obj              46     0         0      
       s_copysign.c.obj               20     0         0      
       copy_decompress_none.c.obj     14     0         0      
       errno.c.obj                    8      0         4      
       exit.c.obj                     4      0         0      
       pre_init.c.obj                 4      0         0      
    +--+------------------------------+------+---------+---------+
       Total:                         5148   48        4      
                                                              
       Stack:                         0      0         512    
       Linker Generated:              0      23        0      
    +--+------------------------------+------+---------+---------+
       Grand Total:                   7380   691       516    


LINKER GENERATED COPY TABLES

__TI_cinit_table @ 00001f88 records: 1, size/record: 8, table size: 8
	.data: load addr=00001f80, load size=00000007 bytes, run addr=20000200, run size=00000004 bytes, compression=lzss


LINKER GENERATED HANDLER TABLE

__TI_handler_table @ 00001f78 records: 2, size/record: 4, table size: 8
	index: 0, handler: __TI_decompress_lzss
	index: 1, handler: __TI_decompress_none


GLOBAL SYMBOLS: SORTED ALPHABETICALLY BY Name 

address   name                          
-------   ----                          
00001305  Algoritmo_Posicion            
00001f41  C$$EXIT                       
00000df5  I2C_Send2                     
00000e7f  MPUInit                       
00001f29  ResetISR                      
20000200  __STACK_END                   
00000200  __STACK_SIZE                  
20000200  __STACK_TOP                   
00001f88  __TI_CINIT_Base               
00001f90  __TI_CINIT_Limit              
00001f78  __TI_Handler_Table_Base       
00001f80  __TI_Handler_Table_Limit      
00001e25  __TI_auto_init_nobinit_nopinit
00001dbd  __TI_decompress_lzss          
00001f1b  __TI_decompress_none          
ffffffff  __TI_pprof_out_hndl           
ffffffff  __TI_prof_data_size           
ffffffff  __TI_prof_data_start          
00000000  __TI_static_base__            
00001bc9  __aeabi_cdcmpeq               
00001bc9  __aeabi_cdcmple               
00001c4f  __aeabi_cdrcmple              
00001d4f  __aeabi_d2f                   
000013f7  __aeabi_dadd                  
000016fd  __aeabi_ddiv                  
00001945  __aeabi_dmul                  
000013ed  __aeabi_dsub                  
00001f35  __aeabi_errno_addr            
00001ea1  __aeabi_f2d                   
00001ed9  __aeabi_i2d                   
00001cd5  __aeabi_memclr                
00001cd5  __aeabi_memclr4               
00001cd5  __aeabi_memclr8               
00001b2d  __aeabi_memcpy                
00001b2d  __aeabi_memcpy4               
00001b2d  __aeabi_memcpy8               
00001cd7  __aeabi_memset                
00001cd7  __aeabi_memset4               
00001cd7  __aeabi_memset8               
ffffffff  __binit__                     
ffffffff  __c_args__                    
UNDEFED   __mpu_init                    
20000000  __stack                       
00001e69  _c_int00_noargs               
UNDEFED   _system_post_cinit            
00001f3d  _system_pre_init              
00001f41  abort                         
ffffffff  binit                         
00000ebf  config_UART0                  
00000c2d  config_modulo_I2C             
00001059  config_systick                
00001f07  copysign                      
00001f07  copysignl                     
0000108d  dato                          
20000200  errno                         
00000d3f  escribir_I2C_MPU6050          
00001225  ftoa                          
00000000  g_pfnVectors                  
00001181  intToStr                      
00001835  ldexp                         
00001835  ldexpl                        
00000d97  leer_I2C_MPU6050_1byte        
00000c9d  leer_I2C_MPU6050_2bytes       
00001a41  main                          
00001b2d  memcpy                        
00001cdd  memset                        
0000026d  pow                           
0000026d  powl                          
00001131  reverse                       
00000f7b  rx_UART0                      
00000fcd  rx_msj_UART0                  
00001835  scalbn                        
00001835  scalbnl                       
000015a5  sqrt                          
000015a5  sqrtl                         
000010d9  transformar                   
00000f8f  tx_UART0                      
00001025  tx_msj_UART0                  


GLOBAL SYMBOLS: SORTED BY Symbol Address 

address   name                          
-------   ----                          
00000000  __TI_static_base__            
00000000  g_pfnVectors                  
00000200  __STACK_SIZE                  
0000026d  pow                           
0000026d  powl                          
00000c2d  config_modulo_I2C             
00000c9d  leer_I2C_MPU6050_2bytes       
00000d3f  escribir_I2C_MPU6050          
00000d97  leer_I2C_MPU6050_1byte        
00000df5  I2C_Send2                     
00000e7f  MPUInit                       
00000ebf  config_UART0                  
00000f7b  rx_UART0                      
00000f8f  tx_UART0                      
00000fcd  rx_msj_UART0                  
00001025  tx_msj_UART0                  
00001059  config_systick                
0000108d  dato                          
000010d9  transformar                   
00001131  reverse                       
00001181  intToStr                      
00001225  ftoa                          
00001305  Algoritmo_Posicion            
000013ed  __aeabi_dsub                  
000013f7  __aeabi_dadd                  
000015a5  sqrt                          
000015a5  sqrtl                         
000016fd  __aeabi_ddiv                  
00001835  ldexp                         
00001835  ldexpl                        
00001835  scalbn                        
00001835  scalbnl                       
00001945  __aeabi_dmul                  
00001a41  main                          
00001b2d  __aeabi_memcpy                
00001b2d  __aeabi_memcpy4               
00001b2d  __aeabi_memcpy8               
00001b2d  memcpy                        
00001bc9  __aeabi_cdcmpeq               
00001bc9  __aeabi_cdcmple               
00001c4f  __aeabi_cdrcmple              
00001cd5  __aeabi_memclr                
00001cd5  __aeabi_memclr4               
00001cd5  __aeabi_memclr8               
00001cd7  __aeabi_memset                
00001cd7  __aeabi_memset4               
00001cd7  __aeabi_memset8               
00001cdd  memset                        
00001d4f  __aeabi_d2f                   
00001dbd  __TI_decompress_lzss          
00001e25  __TI_auto_init_nobinit_nopinit
00001e69  _c_int00_noargs               
00001ea1  __aeabi_f2d                   
00001ed9  __aeabi_i2d                   
00001f07  copysign                      
00001f07  copysignl                     
00001f1b  __TI_decompress_none          
00001f29  ResetISR                      
00001f35  __aeabi_errno_addr            
00001f3d  _system_pre_init              
00001f41  C$$EXIT                       
00001f41  abort                         
00001f78  __TI_Handler_Table_Base       
00001f80  __TI_Handler_Table_Limit      
00001f88  __TI_CINIT_Base               
00001f90  __TI_CINIT_Limit              
20000000  __stack                       
20000200  __STACK_END                   
20000200  __STACK_TOP                   
20000200  errno                         
ffffffff  __TI_pprof_out_hndl           
ffffffff  __TI_prof_data_size           
ffffffff  __TI_prof_data_start          
ffffffff  __binit__                     
ffffffff  __c_args__                    
ffffffff  binit                         
UNDEFED   __mpu_init                    
UNDEFED   _system_post_cinit            

[78 symbols]
